﻿
> taskling@1.2.5 build
> tsx script/build.ts

building client...
[36mvite v7.3.2 [32mbuilding client environment for production...[36m[39m
transforming...
[32mÔ£ô[39m 79 modules transformed.
node.exe : [31mÔ£ù[39m Build failed in 1.25s
At line:1 char:1
+ & "C:\Program Files\nodejs/node.exe" "C:\Program Files\nodejs/node_mo ...
+ ~~~~~~~~~~~~~~~~~~~~~~~~~~~~~~~~~~~~~~~~~~~~~~~~~~~~~~~~~~~~~~~~~~~~~
    + CategoryInfo          : NotSpecified: ([31mÔ£ù[39m Build failed in 1.25s:String) [], RemoteException
    + FullyQualifiedErrorId : NativeCommandError
 
[31mCould not resolve "../../../../shared/routes" from "client/src/pages/Profile.tsx"[39m
file: [36mC:/Users/ryanm/Downloads/Chorely/Taskling/client/src/pages/Profile.tsx[39m
    at getRollupError 
(file:///C:/Users/ryanm/Downloads/Chorely/Taskling/node_modules/rollup/dist/es/shared/parseAst.js:406:41)
    at error (file:///C:/Users/ryanm/Downloads/Chorely/Taskling/node_modules/rollup/dist/es/shared/parseAst.js:402:42)
    at ModuleLoader.handleInvalidResolvedId 
(C:\Users\ryanm\Downloads\Chorely\Taskling\node_modules\rollup\dist\es\shared\node-entry.js:22106:24)
    at <anonymous> 
(C:\Users\ryanm\Downloads\Chorely\Taskling\node_modules\rollup\dist\es\shared\node-entry.js:22066:26) {
  code: 'UNRESOLVED_IMPORT',
  exporter: '../../../../shared/routes',
  id: 'C:/Users/ryanm/Downloads/Chorely/Taskling/client/src/pages/Profile.tsx',
  watchFiles: [
    'C:/Users/ryanm/Downloads/Chorely/Taskling/client/index.html',
    'C:/Users/ryanm/Downloads/Chorely/Taskling/client/src/main.tsx',
    'C:\\Users\\ryanm\\Downloads\\Chorely\\Taskling\\package.json',
    'C:/Users/ryanm/Downloads/Chorely/Taskling/node_modules/react-dom/client.js',
    'C:/Users/ryanm/Downloads/Chorely/Taskling/node_modules/react/jsx-runtime.js',
    'C:/Users/ryanm/Downloads/Chorely/Taskling/client/src/App.tsx',
    'C:/Users/ryanm/Downloads/Chorely/Taskling/client/src/index.css',
    'C:/Users/ryanm/Downloads/Chorely/Taskling/node_modules/react-dom/index.js',
    'C:/Users/ryanm/Downloads/Chorely/Taskling/client/src/hooks/use-chores.ts',
    'C:/Users/ryanm/Downloads/Chorely/Taskling/client/src/hooks/use-families.ts',
    'C:/Users/ryanm/Downloads/Chorely/Taskling/client/src/hooks/use-family-live.ts',
    'C:/Users/ryanm/Downloads/Chorely/Taskling/client/src/hooks/use-reviews.ts',
    'C:/Users/ryanm/Downloads/Chorely/Taskling/client/src/hooks/use-rewards.ts',
    'C:/Users/ryanm/Downloads/Chorely/Taskling/client/src/hooks/use-settings.ts',
    'C:/Users/ryanm/Downloads/Chorely/Taskling/client/src/hooks/use-toast.ts',
    'C:/Users/ryanm/Downloads/Chorely/Taskling/client/src/lib/apiFetch.ts',
    'C:/Users/ryanm/Downloads/Chorely/Taskling/client/src/lib/avatar.ts',
    'C:/Users/ryanm/Downloads/Chorely/Taskling/client/src/lib/firebase.ts',
    'C:/Users/ryanm/Downloads/Chorely/Taskling/client/src/lib/permissions.ts',
    'C:/Users/ryanm/Downloads/Chorely/Taskling/client/src/lib/postAuth.test.ts',
    'C:/Users/ryanm/Downloads/Chorely/Taskling/client/src/lib/postAuth.ts',
    'C:/Users/ryanm/Downloads/Chorely/Taskling/client/src/lib/queryClient.ts',
    'C:/Users/ryanm/Downloads/Chorely/Taskling/client/src/lib/utils.ts',
    'C:/Users/ryanm/Downloads/Chorely/Taskling/client/src/store/useStore.ts',
    'C:/Users/ryanm/Downloads/Chorely/Taskling/client/src/test/setup.ts',
    'C:/Users/ryanm/Downloads/Chorely/Taskling/client/src/components/BottomNav.tsx',
    'C:/Users/ryanm/Downloads/Chorely/Taskling/client/src/components/ChoreCard.tsx',
    'C:/Users/ryanm/Downloads/Chorely/Taskling/client/src/components/ChorlyMascot.tsx',
    'C:/Users/ryanm/Downloads/Chorely/Taskling/client/src/components/DemoSwitcher.tsx',
    'C:/Users/ryanm/Downloads/Chorely/Taskling/client/src/components/Layout.tsx',
    'C:/Users/ryanm/Downloads/Chorely/Taskling/client/src/components/LegalScreen.tsx',
    'C:/Users/ryanm/Downloads/Chorely/Taskling/client/src/components/NavigationDrawer.tsx',
    'C:/Users/ryanm/Downloads/Chorely/Taskling/client/src/components/PenguinMascot.tsx',
    'C:/Users/ryanm/Downloads/Chorely/Taskling/client/src/components/ui/accordion.tsx',
    'C:/Users/ryanm/Downloads/Chorely/Taskling/client/src/components/ui/alert-dialog.tsx',
    'C:/Users/ryanm/Downloads/Chorely/Taskling/client/src/components/ui/alert.tsx',
    'C:/Users/ryanm/Downloads/Chorely/Taskling/client/src/components/ui/aspect-ratio.tsx',
    'C:/Users/ryanm/Downloads/Chorely/Taskling/client/src/components/ui/avatar.tsx',
    'C:/Users/ryanm/Downloads/Chorely/Taskling/client/src/components/ui/badge.tsx',
    'C:/Users/ryanm/Downloads/Chorely/Taskling/client/src/components/ui/breadcrumb.tsx',
    'C:/Users/ryanm/Downloads/Chorely/Taskling/client/src/components/ui/button.tsx',
    'C:/Users/ryanm/Downloads/Chorely/Taskling/client/src/components/ui/calendar.tsx',
    'C:/Users/ryanm/Downloads/Chorely/Taskling/client/src/components/ui/card.tsx',
    'C:/Users/ryanm/Downloads/Chorely/Taskling/client/src/components/ui/carousel.tsx',
    'C:/Users/ryanm/Downloads/Chorely/Taskling/client/src/components/ui/chart.tsx',
    'C:/Users/ryanm/Downloads/Chorely/Taskling/client/src/components/ui/checkbox.tsx',
    'C:/Users/ryanm/Downloads/Chorely/Taskling/client/src/components/ui/collapsible.tsx',
    'C:/Users/ryanm/Downloads/Chorely/Taskling/client/src/components/ui/command.tsx',
    'C:/Users/ryanm/Downloads/Chorely/Taskling/client/src/components/ui/context-menu.tsx',
    'C:/Users/ryanm/Downloads/Chorely/Taskling/client/src/components/ui/dialog.tsx',
    'C:/Users/ryanm/Downloads/Chorely/Taskling/client/src/components/ui/drawer.tsx',
    'C:/Users/ryanm/Downloads/Chorely/Taskling/client/src/components/ui/dropdown-menu.tsx',
    'C:/Users/ryanm/Downloads/Chorely/Taskling/client/src/components/ui/form.tsx',
    'C:/Users/ryanm/Downloads/Chorely/Taskling/client/src/components/ui/hover-card.tsx',
    'C:/Users/ryanm/Downloads/Chorely/Taskling/client/src/components/ui/input-otp.tsx',
    'C:/Users/ryanm/Downloads/Chorely/Taskling/client/src/components/ui/input.tsx',
    'C:/Users/ryanm/Downloads/Chorely/Taskling/client/src/components/ui/label.tsx',
    'C:/Users/ryanm/Downloads/Chorely/Taskling/client/src/components/ui/menubar.tsx',
    'C:/Users/ryanm/Downloads/Chorely/Taskling/client/src/components/ui/navigation-menu.tsx',
    'C:/Users/ryanm/Downloads/Chorely/Taskling/client/src/components/ui/pagination.tsx',
    'C:/Users/ryanm/Downloads/Chorely/Taskling/client/src/components/ui/popover.tsx',
    'C:/Users/ryanm/Downloads/Chorely/Taskling/client/src/components/ui/progress.tsx',
    'C:/Users/ryanm/Downloads/Chorely/Taskling/client/src/components/ui/radio-group.tsx',
    'C:/Users/ryanm/Downloads/Chorely/Taskling/client/src/components/ui/resizable.tsx',
    'C:/Users/ryanm/Downloads/Chorely/Taskling/client/src/components/ui/scroll-area.tsx',
    'C:/Users/ryanm/Downloads/Chorely/Taskling/client/src/components/ui/select.tsx',
    'C:/Users/ryanm/Downloads/Chorely/Taskling/client/src/components/ui/separator.tsx',
    'C:/Users/ryanm/Downloads/Chorely/Taskling/client/src/components/ui/sheet.tsx',
    'C:/Users/ryanm/Downloads/Chorely/Taskling/client/src/components/ui/sidebar.tsx',
    'C:/Users/ryanm/Downloads/Chorely/Taskling/client/src/components/ui/skeleton.tsx',
    'C:/Users/ryanm/Downloads/Chorely/Taskling/client/src/components/ui/slider.tsx',
    'C:/Users/ryanm/Downloads/Chorely/Taskling/client/src/components/ui/switch.tsx',
    'C:/Users/ryanm/Downloads/Chorely/Taskling/client/src/components/ui/table.tsx',
    'C:/Users/ryanm/Downloads/Chorely/Taskling/client/src/components/ui/tabs.tsx',
    'C:/Users/ryanm/Downloads/Chorely/Taskling/client/src/components/ui/textarea.tsx',
    'C:/Users/ryanm/Downloads/Chorely/Taskling/client/src/components/ui/toast.tsx',
    'C:/Users/ryanm/Downloads/Chorely/Taskling/client/src/components/ui/toaster.tsx',
    'C:/Users/ryanm/Downloads/Chorely/Taskling/client/src/components/ui/toggle-group.tsx',
    'C:/Users/ryanm/Downloads/Chorely/Taskling/client/src/components/ui/toggle.tsx',
    'C:/Users/ryanm/Downloads/Chorely/Taskling/client/src/components/ui/tooltip.tsx',
    'C:/Users/ryanm/Downloads/Chorely/Taskling/client/src/components/UserAvatar.tsx',
    'C:/Users/ryanm/Downloads/Chorely/Taskling/client/src/hooks/use-mobile.tsx',
    'C:/Users/ryanm/Downloads/Chorely/Taskling/client/src/pages/Admin.tsx',
    'C:/Users/ryanm/Downloads/Chorely/Taskling/client/src/pages/AuthWelcome.tsx',
    'C:/Users/ryanm/Downloads/Chorely/Taskling/client/src/pages/Chat.tsx',
    'C:/Users/ryanm/Downloads/Chorely/Taskling/client/src/pages/Dashboard.tsx',
    'C:/Users/ryanm/Downloads/Chorely/Taskling/client/src/pages/FamilySetup.tsx',
    'C:/Users/ryanm/Downloads/Chorely/Taskling/client/src/pages/GetStarted.tsx',
    'C:/Users/ryanm/Downloads/Chorely/Taskling/client/src/pages/JoinFamily.tsx',
    'C:/Users/ryanm/Downloads/Chorely/Taskling/client/src/pages/Landing.tsx',
    'C:/Users/ryanm/Downloads/Chorely/Taskling/client/src/pages/Leaderboard.tsx',
    'C:/Users/ryanm/Downloads/Chorely/Taskling/client/src/pages/not-found.tsx',
    'C:/Users/ryanm/Downloads/Chorely/Taskling/client/src/pages/ParentDashboard.tsx',
    'C:/Users/ryanm/Downloads/Chorely/Taskling/client/src/pages/Profile.tsx',
    'C:/Users/ryanm/Downloads/Chorely/Taskling/client/src/pages/Rewards.tsx',
    'C:/Users/ryanm/Downloads/Chorely/Taskling/client/src/pages/Settings.tsx',
    'C:/Users/ryanm/Downloads/Chorely/Taskling/client/src/pages/Splash.tsx',
    'C:/Users/ryanm/Downloads/Chorely/Taskling/tailwind.config.ts',
    'C:/Users/ryanm/Downloads/Chorely/Taskling/node_modules/react/cjs/react-jsx-runtime.production.min.js',
    'C:/Users/ryanm/Downloads/Chorely/Taskling/node_modules/wouter/src/index.js',
    ... 40 more items
  ]
}
